RLU8 Object Linker, Ver.1.60.3 Linkage Information
[Sat Sep 28 13:44:09 2024]


                         ------------------
                          Control Synopsis
                         ------------------

I/O controls:    D  SD NS NA
Other controls: CC ABW 
                COMB( $$content_of_init $$end_of_init )
                COMB( $$init_info $$init_info_end )



                        ------------------------
                         Object Module Synopsis
                        ------------------------
                                                                Creator
Module Name           File Name                                 CCU8     RASU8
-----------           ---------                                 -----    -----
main                  .\main.obj                                3.66     1.80
startup               .\startup.obj                             -.--     1.80
SIDIVLW               C:/LAPIS/LEXIDE/BuildTools/Ver.20231124/Lib/U16\longu8.lib -.--     1.04
memset_f              C:/LAPIS/LEXIDE/BuildTools/Ver.20231124/Lib/U16\LU8100LW.LIB -.--     1.04
SIDIMOLW              C:/LAPIS/LEXIDE/BuildTools/Ver.20231124/Lib/U16\longu8.lib -.--     1.04
CIDIMOLW              C:/LAPIS/LEXIDE/BuildTools/Ver.20231124/Lib/U16\longu8.lib -.--     1.04
PUSHPOPU8LW           C:/LAPIS/LEXIDE/BuildTools/Ver.20231124/Lib/U16\longu8.lib -.--     1.61
SIMODLW               C:/LAPIS/LEXIDE/BuildTools/Ver.20231124/Lib/U16\longu8.lib -.--     1.04
IMULLW                C:/LAPIS/LEXIDE/BuildTools/Ver.20231124/Lib/U16\longu8.lib -.--     1.04


Number of Modules: 9

Number of Symbols:
 +---------------------------------------------------------------------------+
 |          | CODE | DATA | BIT  |NVDATA|NVBIT |TABLE |NUMBER| TBIT || total |
 |----------+------+------+------+------+------+------+------+------++-------|
 | SEGMENT  |    26|     2|     0|     0|     0|    12|      |      ||     40|
 |----------+------+------+------+------+------+------+------+------++-------|
 | COMMUNAL |     0|     2|     0|     0|     0|     0|      |      ||      2|
 |----------+------+------+------+------+------+------+------+------++-------|
 | PUBLIC   |    26|     4|     0|     0|     0|    10|     0|     0||     40|
 +---------------------------------------------------------------------------+

Target:  ML620906 
Model:   LARGE


Memory Map - Program memory space #0:
      Type     Start      Stop
     -----------------------------
      ROM      00:0000    00:FFFF

Memory Map - Data memory space #0:
      Type     Start      Stop
     -----------------------------
      RAM      00:D000    00:FFFF

Memory Map - Memory space above #1:
      Type     Start      Stop
     -----------------------------
      ROM      01:0000    03:FFFF
      ROM      05:0000    05:FFFF
      ROM      1F:0000    1F:0FFF

                         ------------------
                          Segment Synopsis
                         ------------------

Link Map - Program memory space #0 ( ROMWINDOW: 0000 - CFFF )

      Type     Start      Stop       Size              Name
     -------------------------------------------------------
      S CODE   00:0000    00:01B3    01B4(436)         (absolute)
*OVL* S CODE   00:0002    00:0003    0002(2)           (absolute)
      S CODE   00:01B4    00:01C3    0010(16)          $$pushpopu8lw
      S CODE   00:01C4    00:02A3    00E0(224)         $$checkWin$main
      S CODE   00:02A4    00:02B3    0010(16)          $$simodu8lw
      S CODE   00:02B4    00:02E3    0030(48)          $$set_tile$main
      S CODE   00:02E4    00:039B    00B8(184)         $$drawbitmap$main
      S CODE   00:039C    00:03D7    003C(60)          $$XFCODmemset_f
      S CODE   00:03D8    00:0401    002A(42)          $$imulu8lw
      S CODE   00:0402    00:0449    0048(72)          $$flipcell$main
      S CODE   00:044A    00:0485    003C(60)          $$get_tile$main
      S CODE   00:0486    00:05DD    0158(344)         $$menu$main
      S CODE   00:05DE    00:062F    0052(82)          $$render_rect$main
      S CODE   00:0630    00:0663    0034(52)          $$sidimou8lw
      S CODE   00:0664    00:06A3    0040(64)          $$cidimou8lw
      S CODE   00:06A4    00:0B2F    048C(1164)        $$main$main
      S CODE   00:0B30    00:0B3D    000E(14)          $$sidivu8lw
      S CODE   00:0B3E    00:0BF3    00B6(182)         $$renderRLE$main
      S CODE   00:0BF4    00:0C31    003E(62)          $$delay$main
      S CODE   00:0C32    00:0D2B    00FA(250)         $$drawstage$main
      S CODE   00:0D2C    00:0D8F    0064(100)         $$CheckButtons$main
      S CODE   00:0D90    00:0EF3    0164(356)         $$set_bits$main
      S TABLE  00:0EF4    00:0F62    006F(111)         $$TABcross$main
>GAP<          00:0F63    00:0F63    0001(1)           (ROM)
      S TABLE  00:0F64    00:11BF    025C(604)         $$TABsuwa$main
      S TABLE  00:11C0    00:123A    007B(123)         $$TABquit$main
>GAP<          00:123B    00:123B    0001(1)           (ROM)
      S TABLE  00:123C    00:1243    0008(8)           $$init_info
      S TABLE  00:1244    00:13BF    017C(380)         $$TABtie$main
      S TABLE  00:13C0    00:1423    0064(100)         $$TABcircle$main
      S TABLE  00:1424    00:161B    01F8(504)         $$TABboard1$main
      S TABLE  00:161C    00:1623    0008(8)           $$FINITTABmain
      S TABLE  00:1624    00:17FE    01DB(475)         $$TABplayerx$main
>GAP<          00:17FF    00:17FF    0001(1)           (ROM)
      S TABLE  00:1800    00:19DC    01DD(477)         $$TABplayery$main
>GAP<          00:19DD    00:19DD    0001(1)           (ROM)
      S TABLE  00:19DE    00:1A96    00B9(185)         $$TABrematch$main


Link Map - Data memory space #0

      Type     Start      Stop       Size              Name
     -------------------------------------------------------
      Q ROMWIN 00:0000    00:CFFF    D000(53248)       (ROMWIN)
>GAP<          00:D000.0  00:EBF5.7  1BF6.0(7158.0)    (RAM)
      C DATA   00:EBF6    00:EBF6    0001(1)           _oldy
      C DATA   00:EBF7    00:EBF7    0001(1)           _oldx
      S DATA   00:EBF8    00:EBFF    0008(8)           $$FINITVARmain
      S DATA   00:EC00    00:EFFF    0400(1024)        $STACK
      Q SFR    00:F000    00:FFFF    1000(4096)        (SFR)


Not Linked segments:

      Module Name         Type       Size              Segment Name 
     --------------------------------------------------------------
      main
                          TABLE      1000(4096)        $$TABimage_raw$main
                          CODE       00AE(174)         $$invertbitmap$main
                          CODE       0072(114)         $$print$main
                          CODE       003A(58)          $$invert_line$main
                          CODE       0096(150)         $$PrintWord$main
     --------------------------------------------------------------


Total size (CODE  ) = 00EF6   (3830)
Total size (DATA  ) = 0040A   (1034)
Total size (BIT   ) = 00000.0 (0.0)
Total size (NVDATA) = 00000   (0)
Total size (NVBIT ) = 00000.0 (0.0)
Total size (TABLE ) = 00B9F   (2975)

          -----------------------
           Symbol Table Synopsis
          -----------------------

Module         Value     Type         Symbol
------         -----     ----------   ------
main
               00:0D2C   Pub CODE     _CheckButtons
               00:01C4   Pub CODE     _checkWin
               00:06A4   Pub CODE     _main
               00:0486   Pub CODE     _menu
               00:0C32   Pub CODE     _drawstage
               00:02E4   Pub CODE     _drawbitmap
               00:0BF4   Pub CODE     _delay
               00:0D90   Pub CODE     _set_bits
               00:044A   Pub CODE     _get_tile
               00:02B4   Pub CODE     _set_tile
               00:0402   Pub CODE     _flipcell
               00:0B3E   Pub CODE     _renderRLE
               00:05DE   Pub CODE     _render_rect
               00:1424   Pub TABLE    _board1
               00:0EF4   Pub TABLE    _cross
               00:1244   Pub TABLE    _tie
               00:13C0   Pub TABLE    _circle
               00:EBFF   Pub DATA     _lastbutton
               00:19DE   Pub TABLE    _rematch
               00:EBF8   Pub DATA     _printdwordbuf
               00:EBFE   Pub DATA     _posx
               00:EBFD   Pub DATA     _posy
               00:11C0   Pub TABLE    _quit
               00:0F64   Pub TABLE    _suwa
               00:1624   Pub TABLE    _playerx
               00:1800   Pub TABLE    _playery

Module         Value     Type         Symbol
------         -----     ----------   ------
startup
               00:0160   Loc CODE     _init_port0
               00:0150   Loc CODE     _init_port1
               00:0170   Loc CODE     _init_p00
              000000FF   Loc NUMBER   _$$WINVAL
               00:0090   Loc CODE     _init_SFR
               00:CFFF   Loc TABLE    _$$ROMWINEND
               00:0180   Loc CODE     _reset_SFR
               00:00A0   Loc CODE     _$init_clock
               00:0000   Loc TABLE    _$$ROMWINSTART
               00:01B0   Loc CODE     _entry
               00:0052   Loc CODE     _BRK
               00:00D8   Loc CODE     _timer
               00:008E   Loc CODE     _reset_lr
               00:005C   Loc CODE     _TM0INT
               00:0108   Loc CODE     _stop
              0000F000   Loc NUMBER   _$$SP
               00:005A   Loc CODE     _INT
               00:0120   Loc CODE     _init_screen
               00:0070   Pub CODE     $$start_up


Module         Value     Type         Symbol
------         -----     ----------   ------
memset_f


Total ROM usage = 01A95   (6805)
Total RAM usage = 0040A   (1034)

End of mapfile.

Warning W025: Cannot find segment '$$content_of_init'
Warning W025: Cannot find segment '$$end_of_init'
Warning W025: Cannot find segment '$$init_info_end'
Warning W011: CODE/TABLE segments overlap