RLU8 Object Linker, Ver.1.60.3 Linkage Information
[Mon Sep 23 11:03:18 2024]


                         ------------------
                          Control Synopsis
                         ------------------

I/O controls:    D  SD NS NA
Other controls: CC ABW 
                COMB( $$content_of_init $$end_of_init )
                COMB( $$init_info $$init_info_end )



                        ------------------------
                         Object Module Synopsis
                        ------------------------
                                                                Creator
Module Name           File Name                                 CCU8     RASU8
-----------           ---------                                 -----    -----
main                  .\main.obj                                3.66     1.80
startup               .\startup.obj                             -.--     1.80
SIDIVLW               E:/Lexide/BuildTools/Ver.20231124/Lib/U16\longu8.lib -.--     1.04
memset_f              E:/Lexide/BuildTools/Ver.20231124/Lib/U16\LU8100LW.LIB -.--     1.04
SIDIMOLW              E:/Lexide/BuildTools/Ver.20231124/Lib/U16\longu8.lib -.--     1.04
CIDIMOLW              E:/Lexide/BuildTools/Ver.20231124/Lib/U16\longu8.lib -.--     1.04
UIMODLW               E:/Lexide/BuildTools/Ver.20231124/Lib/U16\longu8.lib -.--     1.04
PUSHPOPU8LW           E:/Lexide/BuildTools/Ver.20231124/Lib/U16\longu8.lib -.--     1.61
SIMODLW               E:/Lexide/BuildTools/Ver.20231124/Lib/U16\longu8.lib -.--     1.04


Number of Modules: 9

Number of Symbols:
 +---------------------------------------------------------------------------+
 |          | CODE | DATA | BIT  |NVDATA|NVBIT |TABLE |NUMBER| TBIT || total |
 |----------+------+------+------+------+------+------+------+------++-------|
 | SEGMENT  |    17|     1|     0|     0|     0|     3|      |      ||     21|
 |----------+------+------+------+------+------+------+------+------++-------|
 | COMMUNAL |     0|     0|     0|     0|     0|     0|      |      ||      0|
 |----------+------+------+------+------+------+------+------+------++-------|
 | PUBLIC   |    17|     0|     0|     0|     0|     3|     0|     0||     20|
 +---------------------------------------------------------------------------+

Target:  ML620906 
Model:   LARGE


Memory Map - Program memory space #0:
      Type     Start      Stop
     -----------------------------
      ROM      00:0000    00:FFFF

Memory Map - Data memory space #0:
      Type     Start      Stop
     -----------------------------
      RAM      00:D000    00:FFFF

Memory Map - Memory space above #1:
      Type     Start      Stop
     -----------------------------
      ROM      01:0000    03:FFFF
      ROM      05:0000    05:FFFF
      ROM      1F:0000    1F:0FFF

                         ------------------
                          Segment Synopsis
                         ------------------

Link Map - Program memory space #0 ( ROMWINDOW: 0000 - CFFF )

      Type     Start      Stop       Size              Name
     -------------------------------------------------------
      S CODE   00:0000    00:01B3    01B4(436)         (absolute)
*OVL* S CODE   00:0002    00:0003    0002(2)           (absolute)
      S CODE   00:01B4    00:0231    007E(126)         $$render_pattern$main
      S CODE   00:0232    00:0241    0010(16)          $$pushpopu8lw
      S CODE   00:0242    00:0251    0010(16)          $$simodu8lw
      S CODE   00:0252    00:03B5    0164(356)         $$set_bits_old$main
      S CODE   00:03B6    00:03F1    003C(60)          $$XFCODmemset_f
      S CODE   00:03F2    00:0425    0034(52)          $$sidimou8lw
      S CODE   00:0426    00:0465    0040(64)          $$cidimou8lw
      S CODE   00:0466    00:04D5    0070(112)         $$main$main
      S CODE   00:04D6    00:04E3    000E(14)          $$sidivu8lw


Link Map - Data memory space #0

      Type     Start      Stop       Size              Name
     -------------------------------------------------------
      Q ROMWIN 00:0000    00:CFFF    D000(53248)       (ROMWIN)
>GAP<          00:D000.0  00:EBFF.7  1C00.0(7168.0)    (RAM)
      S DATA   00:EC00    00:EFFF    0400(1024)        $STACK
      Q SFR    00:F000    00:FFFF    1000(4096)        (SFR)


Not Linked segments:

      Module Name         Type       Size              Segment Name 
     --------------------------------------------------------------
      main
                          TABLE      006F(111)         $$TABcross$main
                          CODE       001E(30)          $$wait_AC$main
                          TABLE      0064(100)         $$TABcircle$main
                          TABLE      01F8(504)         $$TABboard1$main
                          CODE       0052(82)          $$render_rect$main
                          CODE       003E(62)          $$delay$main
                          CODE       0016(22)          $$getrandom$main
                          CODE       015E(350)         $$set_bits$main
     --------------------------------------------------------------
      UIMODLW
                          CODE       000E(14)          $$uimodu8lw
     --------------------------------------------------------------


Total size (CODE  ) = 004E6   (1254)
Total size (DATA  ) = 00400   (1024)
Total size (BIT   ) = 00000.0 (0.0)
Total size (NVDATA) = 00000   (0)
Total size (NVBIT ) = 00000.0 (0.0)
Total size (TABLE ) = 00000   (0)

          -----------------------
           Symbol Table Synopsis
          -----------------------

Module         Value     Type         Symbol
------         -----     ----------   ------
main
               00:0252   Pub CODE     _set_bits_old
               00:0466   Pub CODE     _main
               00:01B4   Pub CODE     _render_pattern

Module         Value     Type         Symbol
------         -----     ----------   ------
startup
               00:0160   Loc CODE     _init_port0
               00:0150   Loc CODE     _init_port1
               00:0170   Loc CODE     _init_p00
              000000FF   Loc NUMBER   _$$WINVAL
               00:0090   Loc CODE     _init_SFR
               00:CFFF   Loc TABLE    _$$ROMWINEND
               00:0180   Loc CODE     _reset_SFR
               00:00A0   Loc CODE     _$init_clock
               00:0000   Loc TABLE    _$$ROMWINSTART
               00:01B0   Loc CODE     _entry
               00:0052   Loc CODE     _BRK
               00:00D8   Loc CODE     _timer
               00:008E   Loc CODE     _reset_lr
               00:005C   Loc CODE     _TM0INT
               00:0108   Loc CODE     _stop
              0000F000   Loc NUMBER   _$$SP
               00:005A   Loc CODE     _INT
               00:0120   Loc CODE     _init_screen
               00:0070   Pub CODE     $$start_up


Module         Value     Type         Symbol
------         -----     ----------   ------
memset_f


Total ROM usage = 004E6   (1254)
Total RAM usage = 00400   (1024)

End of mapfile.

Warning W025: Cannot find segment '$$content_of_init'
Warning W025: Cannot find segment '$$end_of_init'
Warning W025: Cannot find segment '$$init_info'
Warning W025: Cannot find segment '$$init_info_end'
Warning W011: CODE/TABLE segments overlap